// Jest Snapshot v1, https://goo.gl/fbAQLP

exports[`Test index.js Should render app without crashing 1`] = `"{\\"_reactInternalInstance\\":\\"censored\\"}"`;
